// Jest Snapshot v1, https://goo.gl/fbAQLP

exports[`LoadIt renders LoadIt component with load OK 1`] = `null`;
